閫傜敤浜?.NET Framework MSBuild 鐗堟湰 18.0.5+e22287bf1

  glfw.vcxproj -> C:\antigravity_code\RocketSim3D\build\_deps\glfw-build\src\Debug\glfw3.lib
  main.cpp
C:\antigravity_code\RocketSim3D\src\math\math3d.h(1,1): warning C4819: 璇ユ枃浠跺寘鍚笉鑳藉湪褰撳墠浠ｇ爜椤?936)涓〃绀虹殑瀛楃銆傝灏嗚鏂囦欢淇濆瓨涓?Unicode 鏍煎紡浠ラ槻姝㈡暟鎹涪澶?[C:\antigravity_code\RocketSim3D\build\RocketSim3D.vcxproj]
  (compiling source file '../src/main.cpp')
  
C:\antigravity_code\RocketSim3D\src\render\renderer3d.h(1,1): warning C4819: 璇ユ枃浠跺寘鍚笉鑳藉湪褰撳墠浠ｇ爜椤?936)涓〃绀虹殑瀛楃銆傝灏嗚鏂囦欢淇濆瓨涓?Unicode 鏍煎紡浠ラ槻姝㈡暟鎹涪澶?[C:\antigravity_code\RocketSim3D\build\RocketSim3D.vcxproj]
  (compiling source file '../src/main.cpp')
  
C:\antigravity_code\RocketSim3D\src\render\renderer3d.h(1370,1): warning C4819: 璇ユ枃浠跺寘鍚笉鑳藉湪褰撳墠浠ｇ爜椤?936)涓〃绀虹殑瀛楃銆傝灏嗚鏂囦欢淇濆瓨涓?Unicode 鏍煎紡浠ラ槻姝㈡暟鎹涪澶?[C:\antigravity_code\RocketSim3D\build\RocketSim3D.vcxproj]
  (compiling source file '../src/main.cpp')
  
C:\antigravity_code\RocketSim3D\src\render\renderer3d.h(2648,1): warning C4819: 璇ユ枃浠跺寘鍚笉鑳藉湪褰撳墠浠ｇ爜椤?936)涓〃绀虹殑瀛楃銆傝灏嗚鏂囦欢淇濆瓨涓?Unicode 鏍煎紡浠ラ槻姝㈡暟鎹涪澶?[C:\antigravity_code\RocketSim3D\build\RocketSim3D.vcxproj]
  (compiling source file '../src/main.cpp')
  
C:\antigravity_code\RocketSim3D\src\render\model_loader.h(1,1): warning C4819: 璇ユ枃浠跺寘鍚笉鑳藉湪褰撳墠浠ｇ爜椤?936)涓〃绀虹殑瀛楃銆傝灏嗚鏂囦欢淇濆瓨涓?Unicode 鏍煎紡浠ラ槻姝㈡暟鎹涪澶?[C:\antigravity_code\RocketSim3D\build\RocketSim3D.vcxproj]
  (compiling source file '../src/main.cpp')
  
C:\antigravity_code\RocketSim3D\src\render\renderer_2d.h(1,1): warning C4819: 璇ユ枃浠跺寘鍚笉鑳藉湪褰撳墠浠ｇ爜椤?936)涓〃绀虹殑瀛楃銆傝灏嗚鏂囦欢淇濆瓨涓?Unicode 鏍煎紡浠ラ槻姝㈡暟鎹涪澶?[C:\antigravity_code\RocketSim3D\build\RocketSim3D.vcxproj]
  (compiling source file '../src/main.cpp')
  
C:\antigravity_code\RocketSim3D\src\simulation\orbit_physics.h(1,1): warning C4819: 璇ユ枃浠跺寘鍚笉鑳藉湪褰撳墠浠ｇ爜椤?936)涓〃绀虹殑瀛楃銆傝灏嗚鏂囦欢淇濆瓨涓?Unicode 鏍煎紡浠ラ槻姝㈡暟鎹涪澶?[C:\antigravity_code\RocketSim3D\build\RocketSim3D.vcxproj]
  (compiling source file '../src/main.cpp')
  
C:\antigravity_code\RocketSim3D\src\simulation\stage_manager.h(1,1): warning C4819: 璇ユ枃浠跺寘鍚笉鑳藉湪褰撳墠浠ｇ爜椤?936)涓〃绀虹殑瀛楃銆傝灏嗚鏂囦欢淇濆瓨涓?Unicode 鏍煎紡浠ラ槻姝㈡暟鎹涪澶?[C:\antigravity_code\RocketSim3D\build\RocketSim3D.vcxproj]
  (compiling source file '../src/main.cpp')
  
C:\antigravity_code\RocketSim3D\src\simulation\rocket_builder.h(1,1): warning C4819: 璇ユ枃浠跺寘鍚笉鑳藉湪褰撳墠浠ｇ爜椤?936)涓〃绀虹殑瀛楃銆傝灏嗚鏂囦欢淇濆瓨涓?Unicode 鏍煎紡浠ラ槻姝㈡暟鎹涪澶?[C:\antigravity_code\RocketSim3D\build\RocketSim3D.vcxproj]
  (compiling source file '../src/main.cpp')
  
C:\antigravity_code\RocketSim3D\src\simulation\rocket_builder.h(82,78): warning C4305: 鈥滃垵濮嬪寲鈥? 浠庘€渄ouble鈥濆埌鈥渇loat鈥濇埅鏂?[C:\antigravity_code\RocketSim3D\build\RocketSim3D.vcxproj]
  (compiling source file '../src/main.cpp')
  
C:\antigravity_code\RocketSim3D\src\simulation\rocket_builder.h(215,23): error C2664: 鈥渧oid StageManager::BuildStages(const StageManager::RocketAssembly &,RocketConfig &)鈥? 鏃犳硶灏嗗弬鏁?1 浠庘€渃onst RocketAssembly鈥濊浆鎹负鈥渃onst StageManager::RocketAssembly &鈥?[C:\antigravity_code\RocketSim3D\build\RocketSim3D.vcxproj]
  (compiling source file '../src/main.cpp')
      C:\antigravity_code\RocketSim3D\src\simulation\rocket_builder.h(215,35):
      鍘熷洜濡備笅: 鏃犳硶浠庘€渃onst RocketAssembly鈥濊浆鎹负鈥渃onst StageManager::RocketAssembly鈥?
      C:\antigravity_code\RocketSim3D\src\simulation\rocket_builder.h(215,35):
      鏈畾涔夌被鍨?"StageManager::RocketAssembly" 鐨勪娇鐢?
      C:\antigravity_code\RocketSim3D\src\simulation\rocket_builder.h(16,63):
      鍙傝鈥淪tageManager::RocketAssembly鈥濈殑澹版槑
      C:\antigravity_code\RocketSim3D\src\simulation\rocket_builder.h(16,38):
      鍙傝鈥淪tageManager::BuildStages鈥濈殑澹版槑
      C:\antigravity_code\RocketSim3D\src\simulation\rocket_builder.h(215,23):
      灏濊瘯鍖归厤鍙傛暟鍒楄〃鈥?const RocketAssembly, RocketConfig)鈥濇椂
  
C:\antigravity_code\RocketSim3D\src\simulation\stage_manager.h(26,9): error C2027: 浣跨敤浜嗘湭瀹氫箟绫诲瀷鈥淪tageManager::RocketAssembly鈥?[C:\antigravity_code\RocketSim3D\build\RocketSim3D.vcxproj]
  (compiling source file '../src/main.cpp')
      C:\antigravity_code\RocketSim3D\src\simulation\rocket_builder.h(16,63):
      鍙傝鈥淪tageManager::RocketAssembly鈥濈殑澹版槑
  
C:\antigravity_code\RocketSim3D\src\simulation\stage_manager.h(37,30): error C2027: 浣跨敤浜嗘湭瀹氫箟绫诲瀷鈥淪tageManager::RocketAssembly鈥?[C:\antigravity_code\RocketSim3D\build\RocketSim3D.vcxproj]
  (compiling source file '../src/main.cpp')
      C:\antigravity_code\RocketSim3D\src\simulation\rocket_builder.h(16,63):
      鍙傝鈥淪tageManager::RocketAssembly鈥濈殑澹版槑
  
C:\antigravity_code\RocketSim3D\src\simulation\stage_manager.h(38,43): error C2027: 浣跨敤浜嗘湭瀹氫箟绫诲瀷鈥淪tageManager::RocketAssembly鈥?[C:\antigravity_code\RocketSim3D\build\RocketSim3D.vcxproj]
  (compiling source file '../src/main.cpp')
      C:\antigravity_code\RocketSim3D\src\simulation\rocket_builder.h(16,63):
      鍙傝鈥淪tageManager::RocketAssembly鈥濈殑澹版槑
  
C:\antigravity_code\RocketSim3D\src\simulation\stage_manager.h(38,67): error C7732: 鈥淽鈥濆墠闈㈠簲璇ユ湁涓€涓〃杈惧紡 [C:\antigravity_code\RocketSim3D\build\RocketSim3D.vcxproj]
  (compiling source file '../src/main.cpp')
  
C:\antigravity_code\RocketSim3D\src\simulation\stage_manager.h(52,47): error C2027: 浣跨敤浜嗘湭瀹氫箟绫诲瀷鈥淪tageManager::RocketAssembly鈥?[C:\antigravity_code\RocketSim3D\build\RocketSim3D.vcxproj]
  (compiling source file '../src/main.cpp')
      C:\antigravity_code\RocketSim3D\src\simulation\rocket_builder.h(16,63):
      鍙傝鈥淪tageManager::RocketAssembly鈥濈殑澹版槑
  
C:\antigravity_code\RocketSim3D\src\simulation\stage_manager.h(72,35): error C2027: 浣跨敤浜嗘湭瀹氫箟绫诲瀷鈥淪tageManager::RocketAssembly鈥?[C:\antigravity_code\RocketSim3D\build\RocketSim3D.vcxproj]
  (compiling source file '../src/main.cpp')
      C:\antigravity_code\RocketSim3D\src\simulation\rocket_builder.h(16,63):
      鍙傝鈥淪tageManager::RocketAssembly鈥濈殑澹版槑
  
C:\antigravity_code\RocketSim3D\src\simulation\stage_manager.h(78,5): error C3861: 鈥淪yncActiveConfig鈥? 鎵句笉鍒版爣璇嗙 [C:\antigravity_code\RocketSim3D\build\RocketSim3D.vcxproj]
  (compiling source file '../src/main.cpp')
  
C:\antigravity_code\RocketSim3D\src\save_system.h(1,1): warning C4819: 璇ユ枃浠跺寘鍚笉鑳藉湪褰撳墠浠ｇ爜椤?936)涓〃绀虹殑瀛楃銆傝灏嗚鏂囦欢淇濆瓨涓?Unicode 鏍煎紡浠ラ槻姝㈡暟鎹涪澶?[C:\antigravity_code\RocketSim3D\build\RocketSim3D.vcxproj]
  (compiling source file '../src/main.cpp')
  
C:\antigravity_code\RocketSim3D\src\menu_system.h(1,1): warning C4819: 璇ユ枃浠跺寘鍚笉鑳藉湪褰撳墠浠ｇ爜椤?936)涓〃绀虹殑瀛楃銆傝灏嗚鏂囦欢淇濆瓨涓?Unicode 鏍煎紡浠ラ槻姝㈡暟鎹涪澶?[C:\antigravity_code\RocketSim3D\build\RocketSim3D.vcxproj]
  (compiling source file '../src/main.cpp')
  
C:\antigravity_code\RocketSim3D\src\main.cpp(670,24): warning C4244: 鈥滃垵濮嬪寲鈥? 浠庘€渄ouble鈥濊浆鎹㈠埌鈥渇loat鈥濓紝鍙兘涓㈠け鏁版嵁 [C:\antigravity_code\RocketSim3D\build\RocketSim3D.vcxproj]
C:\antigravity_code\RocketSim3D\src\main.cpp(681,68): warning C4267: 鈥?鈥? 浠庘€渟ize_t鈥濊浆鎹㈠埌鈥渋nt鈥濓紝鍙兘涓㈠け鏁版嵁 [C:\antigravity_code\RocketSim3D\build\RocketSim3D.vcxproj]
C:\antigravity_code\RocketSim3D\src\main.cpp(924,19): warning C4244: 鈥滃垵濮嬪寲鈥? 浠庘€渄ouble鈥濊浆鎹㈠埌鈥渇loat鈥濓紝鍙兘涓㈠け鏁版嵁 [C:\antigravity_code\RocketSim3D\build\RocketSim3D.vcxproj]
C:\antigravity_code\RocketSim3D\src\main.cpp(931,90): warning C4244: 鈥滃弬鏁扳€? 浠庘€渄ouble鈥濊浆鎹㈠埌鈥渇loat鈥濓紝鍙兘涓㈠け鏁版嵁 [C:\antigravity_code\RocketSim3D\build\RocketSim3D.vcxproj]
C:\antigravity_code\RocketSim3D\src\main.cpp(933,68): warning C4244: 鈥滃弬鏁扳€? 浠庘€渄ouble鈥濊浆鎹㈠埌鈥渇loat鈥濓紝鍙兘涓㈠け鏁版嵁 [C:\antigravity_code\RocketSim3D\build\RocketSim3D.vcxproj]
C:\antigravity_code\RocketSim3D\src\main.cpp(1216,27): warning C4244: 鈥滃垵濮嬪寲鈥? 浠庘€渄ouble鈥濊浆鎹㈠埌鈥渇loat鈥濓紝鍙兘涓㈠け鏁版嵁 [C:\antigravity_code\RocketSim3D\build\RocketSim3D.vcxproj]
  physics_system.cpp
C:\antigravity_code\RocketSim3D\src\simulation\stage_manager.h(1,1): warning C4819: 璇ユ枃浠跺寘鍚笉鑳藉湪褰撳墠浠ｇ爜椤?936)涓〃绀虹殑瀛楃銆傝灏嗚鏂囦欢淇濆瓨涓?Unicode 鏍煎紡浠ラ槻姝㈡暟鎹涪澶?[C:\antigravity_code\RocketSim3D\build\RocketSim3D.vcxproj]
  (compiling source file '../src/physics/physics_system.cpp')
  
C:\antigravity_code\RocketSim3D\src\simulation\rocket_builder.h(1,1): warning C4819: 璇ユ枃浠跺寘鍚笉鑳藉湪褰撳墠浠ｇ爜椤?936)涓〃绀虹殑瀛楃銆傝灏嗚鏂囦欢淇濆瓨涓?Unicode 鏍煎紡浠ラ槻姝㈡暟鎹涪澶?[C:\antigravity_code\RocketSim3D\build\RocketSim3D.vcxproj]
  (compiling source file '../src/physics/physics_system.cpp')
  
C:\antigravity_code\RocketSim3D\src\render\renderer3d.h(1,1): warning C4819: 璇ユ枃浠跺寘鍚笉鑳藉湪褰撳墠浠ｇ爜椤?936)涓〃绀虹殑瀛楃銆傝灏嗚鏂囦欢淇濆瓨涓?Unicode 鏍煎紡浠ラ槻姝㈡暟鎹涪澶?[C:\antigravity_code\RocketSim3D\build\RocketSim3D.vcxproj]
  (compiling source file '../src/physics/physics_system.cpp')
  
C:\antigravity_code\RocketSim3D\src\math\math3d.h(1,1): warning C4819: 璇ユ枃浠跺寘鍚笉鑳藉湪褰撳墠浠ｇ爜椤?936)涓〃绀虹殑瀛楃銆傝灏嗚鏂囦欢淇濆瓨涓?Unicode 鏍煎紡浠ラ槻姝㈡暟鎹涪澶?[C:\antigravity_code\RocketSim3D\build\RocketSim3D.vcxproj]
  (compiling source file '../src/physics/physics_system.cpp')
  
C:\antigravity_code\RocketSim3D\src\render\renderer3d.h(26,10): error C3646: 鈥渧ao鈥? 鏈煡閲嶅啓璇存槑绗?[C:\antigravity_code\RocketSim3D\build\RocketSim3D.vcxproj]
  (compiling source file '../src/physics/physics_system.cpp')
  
C:\antigravity_code\RocketSim3D\src\render\renderer3d.h(26,14): error C2059: 璇硶閿欒:鈥?鈥?[C:\antigravity_code\RocketSim3D\build\RocketSim3D.vcxproj]
  (compiling source file '../src/physics/physics_system.cpp')
  
C:\antigravity_code\RocketSim3D\src\render\renderer3d.h(26,35): error C2238: 鎰忓鐨勬爣璁颁綅浜庘€?鈥濅箣鍓?[C:\antigravity_code\RocketSim3D\build\RocketSim3D.vcxproj]
  (compiling source file '../src/physics/physics_system.cpp')
  
C:\antigravity_code\RocketSim3D\src\render\renderer3d.h(32,10): error C2065: 鈥渧ao鈥? 鏈０鏄庣殑鏍囪瘑绗?[C:\antigravity_code\RocketSim3D\build\RocketSim3D.vcxproj]
  (compiling source file '../src/physics/physics_system.cpp')
  
C:\antigravity_code\RocketSim3D\src\render\renderer3d.h(33,29): error C2065: 鈥渧ao鈥? 鏈０鏄庣殑鏍囪瘑绗?[C:\antigravity_code\RocketSim3D\build\RocketSim3D.vcxproj]
  (compiling source file '../src/physics/physics_system.cpp')
  
C:\antigravity_code\RocketSim3D\src\render\renderer3d.h(33,7): error C3861: 鈥済lGenVertexArrays鈥? 鎵句笉鍒版爣璇嗙 [C:\antigravity_code\RocketSim3D\build\RocketSim3D.vcxproj]
  (compiling source file '../src/physics/physics_system.cpp')
  
C:\antigravity_code\RocketSim3D\src\render\renderer3d.h(34,24): error C2065: 鈥渧bo鈥? 鏈０鏄庣殑鏍囪瘑绗?[C:\antigravity_code\RocketSim3D\build\RocketSim3D.vcxproj]
  (compiling source file '../src/physics/physics_system.cpp')
  
C:\antigravity_code\RocketSim3D\src\render\renderer3d.h(34,7): error C3861: 鈥済lGenBuffers鈥? 鎵句笉鍒版爣璇嗙 [C:\antigravity_code\RocketSim3D\build\RocketSim3D.vcxproj]
  (compiling source file '../src/physics/physics_system.cpp')
  
C:\antigravity_code\RocketSim3D\src\render\renderer3d.h(35,24): error C2065: 鈥渆bo鈥? 鏈０鏄庣殑鏍囪瘑绗?[C:\antigravity_code\RocketSim3D\build\RocketSim3D.vcxproj]
  (compiling source file '../src/physics/physics_system.cpp')
  
C:\antigravity_code\RocketSim3D\src\render\renderer3d.h(35,7): error C3861: 鈥済lGenBuffers鈥? 鎵句笉鍒版爣璇嗙 [C:\antigravity_code\RocketSim3D\build\RocketSim3D.vcxproj]
  (compiling source file '../src/physics/physics_system.cpp')
  
C:\antigravity_code\RocketSim3D\src\render\renderer3d.h(37,23): error C2065: 鈥渧ao鈥? 鏈０鏄庣殑鏍囪瘑绗?[C:\antigravity_code\RocketSim3D\build\RocketSim3D.vcxproj]
  (compiling source file '../src/physics/physics_system.cpp')
  
C:\antigravity_code\RocketSim3D\src\render\renderer3d.h(37,5): error C3861: 鈥済lBindVertexArray鈥? 鎵句笉鍒版爣璇嗙 [C:\antigravity_code\RocketSim3D\build\RocketSim3D.vcxproj]
  (compiling source file '../src/physics/physics_system.cpp')
  
C:\antigravity_code\RocketSim3D\src\render\renderer3d.h(39,18): error C2065: 鈥淕L_ARRAY_BUFFER鈥? 鏈０鏄庣殑鏍囪瘑绗?[C:\antigravity_code\RocketSim3D\build\RocketSim3D.vcxproj]
  (compiling source file '../src/physics/physics_system.cpp')
  
C:\antigravity_code\RocketSim3D\src\render\renderer3d.h(39,35): error C2065: 鈥渧bo鈥? 鏈０鏄庣殑鏍囪瘑绗?[C:\antigravity_code\RocketSim3D\build\RocketSim3D.vcxproj]
  (compiling source file '../src/physics/physics_system.cpp')
  
C:\antigravity_code\RocketSim3D\src\render\renderer3d.h(39,5): error C3861: 鈥済lBindBuffer鈥? 鎵句笉鍒版爣璇嗙 [C:\antigravity_code\RocketSim3D\build\RocketSim3D.vcxproj]
  (compiling source file '../src/physics/physics_system.cpp')
  
C:\antigravity_code\RocketSim3D\src\render\renderer3d.h(40,18): error C2065: 鈥淕L_ARRAY_BUFFER鈥? 鏈０鏄庣殑鏍囪瘑绗?[C:\antigravity_code\RocketSim3D\build\RocketSim3D.vcxproj]
  (compiling source file '../src/physics/physics_system.cpp')
  
C:\antigravity_code\RocketSim3D\src\render\renderer3d.h(41,32): error C2065: 鈥淕L_STATIC_DRAW鈥? 鏈０鏄庣殑鏍囪瘑绗?[C:\antigravity_code\RocketSim3D\build\RocketSim3D.vcxproj]
  (compiling source file '../src/physics/physics_system.cpp')
  
C:\antigravity_code\RocketSim3D\src\render\renderer3d.h(40,5): error C3861: 鈥済lBufferData鈥? 鎵句笉鍒版爣璇嗙 [C:\antigravity_code\RocketSim3D\build\RocketSim3D.vcxproj]
  (compiling source file '../src/physics/physics_system.cpp')
  
C:\antigravity_code\RocketSim3D\src\render\renderer3d.h(43,18): error C2065: 鈥淕L_ELEMENT_ARRAY_BUFFER鈥? 鏈０鏄庣殑鏍囪瘑绗?[C:\antigravity_code\RocketSim3D\build\RocketSim3D.vcxproj]
  (compiling source file '../src/physics/physics_system.cpp')
  
C:\antigravity_code\RocketSim3D\src\render\renderer3d.h(43,43): error C2065: 鈥渆bo鈥? 鏈０鏄庣殑鏍囪瘑绗?[C:\antigravity_code\RocketSim3D\build\RocketSim3D.vcxproj]
  (compiling source file '../src/physics/physics_system.cpp')
  
C:\antigravity_code\RocketSim3D\src\render\renderer3d.h(43,5): error C3861: 鈥済lBindBuffer鈥? 鎵句笉鍒版爣璇嗙 [C:\antigravity_code\RocketSim3D\build\RocketSim3D.vcxproj]
  (compiling source file '../src/physics/physics_system.cpp')
  
C:\antigravity_code\RocketSim3D\src\render\renderer3d.h(44,18): error C2065: 鈥淕L_ELEMENT_ARRAY_BUFFER鈥? 鏈０鏄庣殑鏍囪瘑绗?[C:\antigravity_code\RocketSim3D\build\RocketSim3D.vcxproj]
  (compiling source file '../src/physics/physics_system.cpp')
  
C:\antigravity_code\RocketSim3D\src\render\renderer3d.h(45,34): error C2065: 鈥淕L_STATIC_DRAW鈥? 鏈０鏄庣殑鏍囪瘑绗?[C:\antigravity_code\RocketSim3D\build\RocketSim3D.vcxproj]
  (compiling source file '../src/physics/physics_system.cpp')
  
C:\antigravity_code\RocketSim3D\src\render\renderer3d.h(44,5): error C3861: 鈥済lBufferData鈥? 鎵句笉鍒版爣璇嗙 [C:\antigravity_code\RocketSim3D\build\RocketSim3D.vcxproj]
  (compiling source file '../src/physics/physics_system.cpp')
  
C:\antigravity_code\RocketSim3D\src\render\renderer3d.h(48,33): error C2065: 鈥淕L_FLOAT鈥? 鏈０鏄庣殑鏍囪瘑绗?[C:\antigravity_code\RocketSim3D\build\RocketSim3D.vcxproj]
  (compiling source file '../src/physics/physics_system.cpp')
  
C:\antigravity_code\RocketSim3D\src\render\renderer3d.h(48,43): error C2065: 鈥淕L_FALSE鈥? 鏈０鏄庣殑鏍囪瘑绗?[C:\antigravity_code\RocketSim3D\build\RocketSim3D.vcxproj]
  (compiling source file '../src/physics/physics_system.cpp')
  
C:\antigravity_code\RocketSim3D\src\render\renderer3d.h(48,5): error C3861: 鈥済lVertexAttribPointer鈥? 鎵句笉鍒版爣璇嗙 [C:\antigravity_code\RocketSim3D\build\RocketSim3D.vcxproj]
  (compiling source file '../src/physics/physics_system.cpp')
  
C:\antigravity_code\RocketSim3D\src\render\renderer3d.h(50,5): error C3861: 鈥済lEnableVertexAttribArray鈥? 鎵句笉鍒版爣璇嗙 [C:\antigravity_code\RocketSim3D\build\RocketSim3D.vcxproj]
  (compiling source file '../src/physics/physics_system.cpp')
  
C:\antigravity_code\RocketSim3D\src\render\renderer3d.h(52,33): error C2065: 鈥淕L_FLOAT鈥? 鏈０鏄庣殑鏍囪瘑绗?[C:\antigravity_code\RocketSim3D\build\RocketSim3D.vcxproj]
  (compiling source file '../src/physics/physics_system.cpp')
  
C:\antigravity_code\RocketSim3D\src\render\renderer3d.h(52,43): error C2065: 鈥淕L_FALSE鈥? 鏈０鏄庣殑鏍囪瘑绗?[C:\antigravity_code\RocketSim3D\build\RocketSim3D.vcxproj]
  (compiling source file '../src/physics/physics_system.cpp')
  
C:\antigravity_code\RocketSim3D\src\render\renderer3d.h(52,5): error C3861: 鈥済lVertexAttribPointer鈥? 鎵句笉鍒版爣璇嗙 [C:\antigravity_code\RocketSim3D\build\RocketSim3D.vcxproj]
  (compiling source file '../src/physics/physics_system.cpp')
  
C:\antigravity_code\RocketSim3D\src\render\renderer3d.h(54,5): error C3861: 鈥済lEnableVertexAttribArray鈥? 鎵句笉鍒版爣璇嗙 [C:\antigravity_code\RocketSim3D\build\RocketSim3D.vcxproj]
  (compiling source file '../src/physics/physics_system.cpp')
  
C:\antigravity_code\RocketSim3D\src\render\renderer3d.h(56,33): error C2065: 鈥淕L_FLOAT鈥? 鏈０鏄庣殑鏍囪瘑绗?[C:\antigravity_code\RocketSim3D\build\RocketSim3D.vcxproj]
  (compiling source file '../src/physics/physics_system.cpp')
  
C:\antigravity_code\RocketSim3D\src\render\renderer3d.h(56,43): error C2065: 鈥淕L_FALSE鈥? 鏈０鏄庣殑鏍囪瘑绗?[C:\antigravity_code\RocketSim3D\build\RocketSim3D.vcxproj]
  (compiling source file '../src/physics/physics_system.cpp')
  
C:\antigravity_code\RocketSim3D\src\render\renderer3d.h(56,5): error C3861: 鈥済lVertexAttribPointer鈥? 鎵句笉鍒版爣璇嗙 [C:\antigravity_code\RocketSim3D\build\RocketSim3D.vcxproj]
  (compiling source file '../src/physics/physics_system.cpp')
  
C:\antigravity_code\RocketSim3D\src\render\renderer3d.h(58,5): error C3861: 鈥済lEnableVertexAttribArray鈥? 鎵句笉鍒版爣璇嗙 [C:\antigravity_code\RocketSim3D\build\RocketSim3D.vcxproj]
  (compiling source file '../src/physics/physics_system.cpp')
  
C:\antigravity_code\RocketSim3D\src\render\renderer3d.h(60,33): error C2065: 鈥淕L_FLOAT鈥? 鏈０鏄庣殑鏍囪瘑绗?[C:\antigravity_code\RocketSim3D\build\RocketSim3D.vcxproj]
  (compiling source file '../src/physics/physics_system.cpp')
  
C:\antigravity_code\RocketSim3D\src\render\renderer3d.h(60,43): error C2065: 鈥淕L_FALSE鈥? 鏈０鏄庣殑鏍囪瘑绗?[C:\antigravity_code\RocketSim3D\build\RocketSim3D.vcxproj]
  (compiling source file '../src/physics/physics_system.cpp')
  
C:\antigravity_code\RocketSim3D\src\render\renderer3d.h(60,5): error C3861: 鈥済lVertexAttribPointer鈥? 鎵句笉鍒版爣璇嗙 [C:\antigravity_code\RocketSim3D\build\RocketSim3D.vcxproj]
  (compiling source file '../src/physics/physics_system.cpp')
  
C:\antigravity_code\RocketSim3D\src\render\renderer3d.h(62,5): error C3861: 鈥済lEnableVertexAttribArray鈥? 鎵句笉鍒版爣璇嗙 [C:\antigravity_code\RocketSim3D\build\RocketSim3D.vcxproj]
  (compiling source file '../src/physics/physics_system.cpp')
  
C:\antigravity_code\RocketSim3D\src\render\renderer3d.h(64,5): error C3861: 鈥済lBindVertexArray鈥? 鎵句笉鍒版爣璇嗙 [C:\antigravity_code\RocketSim3D\build\RocketSim3D.vcxproj]
  (compiling source file '../src/physics/physics_system.cpp')
  
C:\antigravity_code\RocketSim3D\src\render\renderer3d.h(68,10): error C2065: 鈥渧ao鈥? 鏈０鏄庣殑鏍囪瘑绗?[C:\antigravity_code\RocketSim3D\build\RocketSim3D.vcxproj]
  (compiling source file '../src/physics/physics_system.cpp')
  
C:\antigravity_code\RocketSim3D\src\render\renderer3d.h(69,23): error C2065: 鈥渧ao鈥? 鏈０鏄庣殑鏍囪瘑绗?[C:\antigravity_code\RocketSim3D\build\RocketSim3D.vcxproj]
  (compiling source file '../src/physics/physics_system.cpp')
  
C:\antigravity_code\RocketSim3D\src\render\renderer3d.h(69,5): error C3861: 鈥済lBindVertexArray鈥? 鎵句笉鍒版爣璇嗙 [C:\antigravity_code\RocketSim3D\build\RocketSim3D.vcxproj]
  (compiling source file '../src/physics/physics_system.cpp')
  
C:\antigravity_code\RocketSim3D\src\render\renderer3d.h(70,20): error C2065: 鈥淕L_TRIANGLES鈥? 鏈０鏄庣殑鏍囪瘑绗?[C:\antigravity_code\RocketSim3D\build\RocketSim3D.vcxproj]
  (compiling source file '../src/physics/physics_system.cpp')
  
C:\antigravity_code\RocketSim3D\src\render\renderer3d.h(70,46): error C2065: 鈥淕L_UNSIGNED_INT鈥? 鏈０鏄庣殑鏍囪瘑绗?[C:\antigravity_code\RocketSim3D\build\RocketSim3D.vcxproj]
  (compiling source file '../src/physics/physics_system.cpp')
  
C:\antigravity_code\RocketSim3D\src\render\renderer3d.h(70,5): error C3861: 鈥済lDrawElements鈥? 鎵句笉鍒版爣璇嗙 [C:\antigravity_code\RocketSim3D\build\RocketSim3D.vcxproj]
  (compiling source file '../src/physics/physics_system.cpp')
  
C:\antigravity_code\RocketSim3D\src\render\renderer3d.h(71,5): error C3861: 鈥済lBindVertexArray鈥? 鎵句笉鍒版爣璇嗙 [C:\antigravity_code\RocketSim3D\build\RocketSim3D.vcxproj]
  (compiling source file '../src/physics/physics_system.cpp')
  
C:\antigravity_code\RocketSim3D\src\render\renderer3d.h(75,9): error C2065: 鈥渧ao鈥? 鏈０鏄庣殑鏍囪瘑绗?[C:\antigravity_code\RocketSim3D\build\RocketSim3D.vcxproj]
  (compiling source file '../src/physics/physics_system.cpp')
  
C:\antigravity_code\RocketSim3D\src\render\renderer3d.h(75,39): error C2065: 鈥渧ao鈥? 鏈０鏄庣殑鏍囪瘑绗?[C:\antigravity_code\RocketSim3D\build\RocketSim3D.vcxproj]
  (compiling source file '../src/physics/physics_system.cpp')
  
C:\antigravity_code\RocketSim3D\src\render\renderer3d.h(75,14): error C3861: 鈥済lDeleteVertexArrays鈥? 鎵句笉鍒版爣璇嗙 [C:\antigravity_code\RocketSim3D\build\RocketSim3D.vcxproj]
  (compiling source file '../src/physics/physics_system.cpp')
  
C:\antigravity_code\RocketSim3D\src\render\renderer3d.h(76,9): error C2065: 鈥渧bo鈥? 鏈０鏄庣殑鏍囪瘑绗?[C:\antigravity_code\RocketSim3D\build\RocketSim3D.vcxproj]
  (compiling source file '../src/physics/physics_system.cpp')
  
C:\antigravity_code\RocketSim3D\src\render\renderer3d.h(76,34): error C2065: 鈥渧bo鈥? 鏈０鏄庣殑鏍囪瘑绗?[C:\antigravity_code\RocketSim3D\build\RocketSim3D.vcxproj]
  (compiling source file '../src/physics/physics_system.cpp')
  
C:\antigravity_code\RocketSim3D\src\render\renderer3d.h(76,14): error C3861: 鈥済lDeleteBuffers鈥? 鎵句笉鍒版爣璇嗙 [C:\antigravity_code\RocketSim3D\build\RocketSim3D.vcxproj]
  (compiling source file '../src/physics/physics_system.cpp')
  
C:\antigravity_code\RocketSim3D\src\render\renderer3d.h(77,9): error C2065: 鈥渆bo鈥? 鏈０鏄庣殑鏍囪瘑绗?[C:\antigravity_code\RocketSim3D\build\RocketSim3D.vcxproj]
  (compiling source file '../src/physics/physics_system.cpp')
  
C:\antigravity_code\RocketSim3D\src\render\renderer3d.h(77,34): error C2065: 鈥渆bo鈥? 鏈０鏄庣殑鏍囪瘑绗?[C:\antigravity_code\RocketSim3D\build\RocketSim3D.vcxproj]
  (compiling source file '../src/physics/physics_system.cpp')
  
C:\antigravity_code\RocketSim3D\src\render\renderer3d.h(77,14): error C3861: 鈥済lDeleteBuffers鈥? 鎵句笉鍒版爣璇嗙 [C:\antigravity_code\RocketSim3D\build\RocketSim3D.vcxproj]
  (compiling source file '../src/physics/physics_system.cpp')
  
C:\antigravity_code\RocketSim3D\src\render\renderer3d.h(78,5): error C2065: 鈥渧ao鈥? 鏈０鏄庣殑鏍囪瘑绗?[C:\antigravity_code\RocketSim3D\build\RocketSim3D.vcxproj]
  (compiling source file '../src/physics/physics_system.cpp')
  
C:\antigravity_code\RocketSim3D\src\render\renderer3d.h(78,11): error C2065: 鈥渧bo鈥? 鏈０鏄庣殑鏍囪瘑绗?[C:\antigravity_code\RocketSim3D\build\RocketSim3D.vcxproj]
  (compiling source file '../src/physics/physics_system.cpp')
  
C:\antigravity_code\RocketSim3D\src\render\renderer3d.h(78,17): error C2065: 鈥渆bo鈥? 鏈０鏄庣殑鏍囪瘑绗?[C:\antigravity_code\RocketSim3D\build\RocketSim3D.vcxproj]
  (compiling source file '../src/physics/physics_system.cpp')
  
C:\antigravity_code\RocketSim3D\src\render\renderer3d.h(302,10): error C3646: 鈥減rogram3d鈥? 鏈煡閲嶅啓璇存槑绗?[C:\antigravity_code\RocketSim3D\build\RocketSim3D.vcxproj]
  (compiling source file '../src/physics/physics_system.cpp')
  
C:\antigravity_code\RocketSim3D\src\render\renderer3d.h(302,20): error C2059: 璇硶閿欒:鈥?鈥?[C:\antigravity_code\RocketSim3D\build\RocketSim3D.vcxproj]
  (compiling source file '../src/physics/physics_system.cpp')
  
C:\antigravity_code\RocketSim3D\src\render\renderer3d.h(302,23): error C2238: 鎰忓鐨勬爣璁颁綅浜庘€?鈥濅箣鍓?[C:\antigravity_code\RocketSim3D\build\RocketSim3D.vcxproj]
  (compiling source file '../src/physics/physics_system.cpp')
  
C:\antigravity_code\RocketSim3D\src\render\renderer3d.h(303,10): error C3646: 鈥渆arthProgram鈥? 鏈煡閲嶅啓璇存槑绗?[C:\antigravity_code\RocketSim3D\build\RocketSim3D.vcxproj]
  (compiling source file '../src/physics/physics_system.cpp')
  
C:\antigravity_code\RocketSim3D\src\render\renderer3d.h(303,23): error C2059: 璇硶閿欒:鈥?鈥?[C:\antigravity_code\RocketSim3D\build\RocketSim3D.vcxproj]
  (compiling source file '../src/physics/physics_system.cpp')
  
C:\antigravity_code\RocketSim3D\src\render\renderer3d.h(303,26): error C2238: 鎰忓鐨勬爣璁颁綅浜庘€?鈥濅箣鍓?[C:\antigravity_code\RocketSim3D\build\RocketSim3D.vcxproj]
  (compiling source file '../src/physics/physics_system.cpp')
  
C:\antigravity_code\RocketSim3D\src\render\renderer3d.h(304,10): error C3646: 鈥済asGiantProgram鈥? 鏈煡閲嶅啓璇存槑绗?[C:\antigravity_code\RocketSim3D\build\RocketSim3D.vcxproj]
  (compiling source file '../src/physics/physics_system.cpp')
  
C:\antigravity_code\RocketSim3D\src\render\renderer3d.h(304,26): error C2059: 璇硶閿欒:鈥?鈥?[C:\antigravity_code\RocketSim3D\build\RocketSim3D.vcxproj]
  (compiling source file '../src/physics/physics_system.cpp')
  
C:\antigravity_code\RocketSim3D\src\render\renderer3d.h(304,29): error C2238: 鎰忓鐨勬爣璁颁綅浜庘€?鈥濅箣鍓?[C:\antigravity_code\RocketSim3D\build\RocketSim3D.vcxproj]
  (compiling source file '../src/physics/physics_system.cpp')
  
C:\antigravity_code\RocketSim3D\src\render\renderer3d.h(305,10): error C3646: 鈥渂arrenProgram鈥? 鏈煡閲嶅啓璇存槑绗?[C:\antigravity_code\RocketSim3D\build\RocketSim3D.vcxproj]
  (compiling source file '../src/physics/physics_system.cpp')
  
C:\antigravity_code\RocketSim3D\src\render\renderer3d.h(305,24): error C2059: 璇硶閿欒:鈥?鈥?[C:\antigravity_code\RocketSim3D\build\RocketSim3D.vcxproj]
  (compiling source file '../src/physics/physics_system.cpp')
  
C:\antigravity_code\RocketSim3D\src\render\renderer3d.h(305,27): error C2238: 鎰忓鐨勬爣璁颁綅浜庘€?鈥濅箣鍓?[C:\antigravity_code\RocketSim3D\build\RocketSim3D.vcxproj]
  (compiling source file '../src/physics/physics_system.cpp')
  
C:\antigravity_code\RocketSim3D\src\render\renderer3d.h(306,10): error C3646: 鈥渞ingProgram鈥? 鏈煡閲嶅啓璇存槑绗?[C:\antigravity_code\RocketSim3D\build\RocketSim3D.vcxproj]
  (compiling source file '../src/physics/physics_system.cpp')
  
C:\antigravity_code\RocketSim3D\src\render\renderer3d.h(306,22): error C2059: 璇硶閿欒:鈥?鈥?[C:\antigravity_code\RocketSim3D\build\RocketSim3D.vcxproj]
  (compiling source file '../src/physics/physics_system.cpp')
  
C:\antigravity_code\RocketSim3D\src\render\renderer3d.h(306,25): error C2238: 鎰忓鐨勬爣璁颁綅浜庘€?鈥濅箣鍓?[C:\antigravity_code\RocketSim3D\build\RocketSim3D.vcxproj]
  (compiling source file '../src/physics/physics_system.cpp')
  
C:\antigravity_code\RocketSim3D\src\render\renderer3d.h(307,10): error C3646: 鈥渂illboardProg鈥? 鏈煡閲嶅啓璇存槑绗?[C:\antigravity_code\RocketSim3D\build\RocketSim3D.vcxproj]
  (compiling source file '../src/physics/physics_system.cpp')
  
C:\antigravity_code\RocketSim3D\src\render\renderer3d.h(307,24): error C2059: 璇硶閿欒:鈥?鈥?[C:\antigravity_code\RocketSim3D\build\RocketSim3D.vcxproj]
  (compiling source file '../src/physics/physics_system.cpp')
  
C:\antigravity_code\RocketSim3D\src\render\renderer3d.h(307,27): error C2238: 鎰忓鐨勬爣璁颁綅浜庘€?鈥濅箣鍓?[C:\antigravity_code\RocketSim3D\build\RocketSim3D.vcxproj]
  (compiling source file '../src/physics/physics_system.cpp')
  
C:\antigravity_code\RocketSim3D\src\render\renderer3d.h(308,10): error C3646: 鈥渁tmoProg鈥? 鏈煡閲嶅啓璇存槑绗?[C:\antigravity_code\RocketSim3D\build\RocketSim3D.vcxproj]
  (compiling source file '../src/physics/physics_system.cpp')
  
C:\antigravity_code\RocketSim3D\src\render\renderer3d.h(308,19): error C2059: 璇硶閿欒:鈥?鈥?[C:\antigravity_code\RocketSim3D\build\RocketSim3D.vcxproj]
  (compiling source file '../src/physics/physics_system.cpp')
  
C:\antigravity_code\RocketSim3D\src\render\renderer3d.h(308,22): error C2238: 鎰忓鐨勬爣璁颁綅浜庘€?鈥濅箣鍓?[C:\antigravity_code\RocketSim3D\build\RocketSim3D.vcxproj]
  (compiling source file '../src/physics/physics_system.cpp')
  
C:\antigravity_code\RocketSim3D\src\render\renderer3d.h(309,10): error C3646: 鈥渟kyboxProg鈥? 鏈煡閲嶅啓璇存槑绗?[C:\antigravity_code\RocketSim3D\build\RocketSim3D.vcxproj]
  (compiling source file '../src/physics/physics_system.cpp')
  
C:\antigravity_code\RocketSim3D\src\render\renderer3d.h(309,21): error C2059: 璇硶閿欒:鈥?鈥?[C:\antigravity_code\RocketSim3D\build\RocketSim3D.vcxproj]
  (compiling source file '../src/physics/physics_system.cpp')
  
C:\antigravity_code\RocketSim3D\src\render\renderer3d.h(309,24): error C2238: 鎰忓鐨勬爣璁颁綅浜庘€?鈥濅箣鍓?[C:\antigravity_code\RocketSim3D\build\RocketSim3D.vcxproj]
  (compiling source file '../src/physics/physics_system.cpp')
  
C:\antigravity_code\RocketSim3D\src\render\renderer3d.h(310,10): error C3646: 鈥渟kyboxVAO鈥? 鏈煡閲嶅啓璇存槑绗?[C:\antigravity_code\RocketSim3D\build\RocketSim3D.vcxproj]
  (compiling source file '../src/physics/physics_system.cpp')
  
C:\antigravity_code\RocketSim3D\src\render\renderer3d.h(310,20): error C2059: 璇硶閿欒:鈥?鈥?[C:\antigravity_code\RocketSim3D\build\RocketSim3D.vcxproj]
  (compiling source file '../src/physics/physics_system.cpp')
  
C:\antigravity_code\RocketSim3D\src\render\renderer3d.h(310,38): error C2238: 鎰忓鐨勬爣璁颁綅浜庘€?鈥濅箣鍓?[C:\antigravity_code\RocketSim3D\build\RocketSim3D.vcxproj]
  (compiling source file '../src/physics/physics_system.cpp')
  
C:\antigravity_code\RocketSim3D\src\render\renderer3d.h(311,10): error C3646: 鈥渂illboardVAO鈥? 鏈煡閲嶅啓璇存槑绗?[C:\antigravity_code\RocketSim3D\build\RocketSim3D.vcxproj]
  (compiling source file '../src/physics/physics_system.cpp')
  
C:\antigravity_code\RocketSim3D\src\render\renderer3d.h(311,23): error C2059: 璇硶閿欒:鈥?鈥?[C:\antigravity_code\RocketSim3D\build\RocketSim3D.vcxproj]
  (compiling source file '../src/physics/physics_system.cpp')
  
C:\antigravity_code\RocketSim3D\src\render\renderer3d.h(311,44): error C2238: 鎰忓鐨勬爣璁颁綅浜庘€?鈥濅箣鍓?[C:\antigravity_code\RocketSim3D\build\RocketSim3D.vcxproj]
  (compiling source file '../src/physics/physics_system.cpp')
  
C:\antigravity_code\RocketSim3D\src\render\renderer3d.h(312,9): error C3646: 鈥渦_mvp鈥? 鏈煡閲嶅啓璇存槑绗?[C:\antigravity_code\RocketSim3D\build\RocketSim3D.vcxproj]
  (compiling source file '../src/physics/physics_system.cpp')
  
C:\antigravity_code\RocketSim3D\src\render\renderer3d.h(312,15): error C2059: 璇硶閿欒:鈥?鈥?[C:\antigravity_code\RocketSim3D\build\RocketSim3D.vcxproj]
  (compiling source file '../src/physics/physics_system.cpp')
  
C:\antigravity_code\RocketSim3D\src\render\renderer3d.h(312,66): error C2238: 鎰忓鐨勬爣璁颁綅浜庘€?鈥濅箣鍓?[C:\antigravity_code\RocketSim3D\build\RocketSim3D.vcxproj]
  (compiling source file '../src/physics/physics_system.cpp')
  
C:\antigravity_code\RocketSim3D\src\render\renderer3d.h(313,9): error C3646: 鈥渦_baseColor鈥? 鏈煡閲嶅啓璇存槑绗?[C:\antigravity_code\RocketSim3D\build\RocketSim3D.vcxproj]
  (compiling source file '../src/physics/physics_system.cpp')
  
C:\antigravity_code\RocketSim3D\src\render\renderer3d.h(313,21): error C2059: 璇硶閿欒:鈥?鈥?[C:\antigravity_code\RocketSim3D\build\RocketSim3D.vcxproj]
  (compiling source file '../src/physics/physics_system.cpp')
  
  姝ｅ湪鐢熸垚浠ｇ爜...
C:\antigravity_code\RocketSim3D\src\render\renderer3d.h(313,44): error C2238: 鎰忓鐨勬爣璁颁綅浜庘€?鈥濅箣鍓?[C:\antigravity_code\RocketSim3D\build\RocketSim3D.vcxproj]
  (compiling source file '../src/physics/physics_system.cpp')
  
C:\antigravity_code\RocketSim3D\src\render\renderer3d.h(314,9): error C3646: 鈥渦e_mvp鈥? 鏈煡閲嶅啓璇存槑绗?[C:\antigravity_code\RocketSim3D\build\RocketSim3D.vcxproj]
  (compiling source file '../src/physics/physics_system.cpp')
  
C:\antigravity_code\RocketSim3D\src\render\renderer3d.h(314,16): error C2059: 璇硶閿欒:鈥?鈥?[C:\antigravity_code\RocketSim3D\build\RocketSim3D.vcxproj]
  (compiling source file '../src/physics/physics_system.cpp')
  
C:\antigravity_code\RocketSim3D\src\render\renderer3d.h(314,84): error C2238: 鎰忓鐨勬爣璁颁綅浜庘€?鈥濅箣鍓?[C:\antigravity_code\RocketSim3D\build\RocketSim3D.vcxproj]
  (compiling source file '../src/physics/physics_system.cpp')
  
C:\antigravity_code\RocketSim3D\src\render\renderer3d.h(315,9): error C3646: 鈥渦gg_mvp鈥? 鏈煡閲嶅啓璇存槑绗?[C:\antigravity_code\RocketSim3D\build\RocketSim3D.vcxproj]
  (compiling source file '../src/physics/physics_system.cpp')
  
C:\antigravity_code\RocketSim3D\src\render\renderer3d.h(315,17): error C2059: 璇硶閿欒:鈥?鈥?[C:\antigravity_code\RocketSim3D\build\RocketSim3D.vcxproj]
  (compiling source file '../src/physics/physics_system.cpp')
  
C:\antigravity_code\RocketSim3D\src\render\renderer3d.h(315,17): error C1003: 閿欒璁℃暟瓒呰繃 100锛涙鍦ㄥ仠姝㈢紪璇?[C:\antigravity_code\RocketSim3D\build\RocketSim3D.vcxproj]
  (compiling source file '../src/physics/physics_system.cpp')
  
