**********************************************************************
** Visual Studio 2026 Developer Command Prompt v18.2.2
** Copyright (c) 2025 Microsoft Corporation
**********************************************************************
[DEBUG:ext\vcvars.bat] Found potential v145 version file: 'Microsoft.VCToolsVersion.VC.14.50.18.0.txt'
[DEBUG:ext\vcvars.bat] Testing v145 version file: 'Microsoft.VCToolsVersion.VC.14.50.18.0.txt'
[vcvarsall.bat] Environment initialized for: 'x64'
.\build.cmd : 用于 x64 的 
Microsoft (R) C/C++ 优化编
译器 19.50.35724 版
所在位置 行:1 字符: 1
+ .\build.cmd > build_o
utput.txt 2>&1
+ ~~~~~~~~~~~~~~~~~~~~~
~~~~~~~~~~~~~~
    + CategoryInfo     
         : NotSpecifi  
  ed: (用于 x64 的 Micr   
 os...器 19.50.35724    
 版:String) [], Rem    o
teException
    + FullyQualifiedEr 
   rorId : NativeComm  
  andError
 
版权所有(C) Microsoft Corpo
ration。保留所有权利。

project.cpp
c1xx: fatal error C1083: 无法打开源文件: “src/project.cpp”: No such file or directory
正在生成代码...
正在编译...
glad.c
c1: fatal error C1083: 无法打开源文件: “src/glad.c”: No such file or directory
正在生成代码...
正在编译...
physics_system.cpp
c1xx: fatal error C1083: 无法打开源文件: “src/physics_system.cpp”: No such file or directory
control_system.cpp
c1xx: fatal error C1083: 无法打开源文件: “src/control_system.cpp”: No such file or directory
正在生成代码...
