閫傜敤浜?.NET Framework MSBuild 鐗堟湰 18.0.5+e22287bf1

  glfw.vcxproj -> C:\antigravity_code\RocketSim3D\build\_deps\glfw-build\src\Debug\glfw3.lib
  main.cpp
C:\antigravity_code\RocketSim3D\src\math\math3d.h(1,1): warning C4819: 璇ユ枃浠跺寘鍚笉鑳藉湪褰撳墠浠ｇ爜椤?936)涓〃绀虹殑瀛楃銆傝灏嗚鏂囦欢淇濆瓨涓?Unicode 鏍煎紡浠ラ槻姝㈡暟鎹涪澶?[C:\antigravity_code\RocketSim3D\build\RocketSim3D.vcxproj]
  (compiling source file '../src/main.cpp')
  
C:\antigravity_code\RocketSim3D\src\render\renderer3d.h(1,1): warning C4819: 璇ユ枃浠跺寘鍚笉鑳藉湪褰撳墠浠ｇ爜椤?936)涓〃绀虹殑瀛楃銆傝灏嗚鏂囦欢淇濆瓨涓?Unicode 鏍煎紡浠ラ槻姝㈡暟鎹涪澶?[C:\antigravity_code\RocketSim3D\build\RocketSim3D.vcxproj]
  (compiling source file '../src/main.cpp')
  
C:\antigravity_code\RocketSim3D\src\render\renderer3d.h(1375,1): warning C4819: 璇ユ枃浠跺寘鍚笉鑳藉湪褰撳墠浠ｇ爜椤?936)涓〃绀虹殑瀛楃銆傝灏嗚鏂囦欢淇濆瓨涓?Unicode 鏍煎紡浠ラ槻姝㈡暟鎹涪澶?[C:\antigravity_code\RocketSim3D\build\RocketSim3D.vcxproj]
  (compiling source file '../src/main.cpp')
  
C:\antigravity_code\RocketSim3D\src\render\renderer3d.h(1974,1): warning C4819: 璇ユ枃浠跺寘鍚笉鑳藉湪褰撳墠浠ｇ爜椤?936)涓〃绀虹殑瀛楃銆傝灏嗚鏂囦欢淇濆瓨涓?Unicode 鏍煎紡浠ラ槻姝㈡暟鎹涪澶?[C:\antigravity_code\RocketSim3D\build\RocketSim3D.vcxproj]
  (compiling source file '../src/main.cpp')
  
C:\antigravity_code\RocketSim3D\src\render\model_loader.h(1,1): warning C4819: 璇ユ枃浠跺寘鍚笉鑳藉湪褰撳墠浠ｇ爜椤?936)涓〃绀虹殑瀛楃銆傝灏嗚鏂囦欢淇濆瓨涓?Unicode 鏍煎紡浠ラ槻姝㈡暟鎹涪澶?[C:\antigravity_code\RocketSim3D\build\RocketSim3D.vcxproj]
  (compiling source file '../src/main.cpp')
  
C:\antigravity_code\RocketSim3D\src\render\model_loader.h(64,21): error C2065: 鈥淰ec2鈥? 鏈０鏄庣殑鏍囪瘑绗?[C:\antigravity_code\RocketSim3D\build\RocketSim3D.vcxproj]
  (compiling source file '../src/main.cpp')
  
C:\antigravity_code\RocketSim3D\src\render\model_loader.h(64,14): error C2923: "std::vector": "Vec2" 涓嶆槸鍙傛暟 "_Ty" 鐨勬湁鏁?妯℃澘 绫诲瀷鍙傛暟 [C:\antigravity_code\RocketSim3D\build\RocketSim3D.vcxproj]
  (compiling source file '../src/main.cpp')
      C:\antigravity_code\RocketSim3D\src\render\model_loader.h(64,21):
      鍙傝鈥淰ec2鈥濈殑澹版槑
  
C:\antigravity_code\RocketSim3D\src\render\model_loader.h(64,14): error C2976: 鈥渟td::vector'鈥? 妯℃澘 鍙傛暟澶皯 [C:\antigravity_code\RocketSim3D\build\RocketSim3D.vcxproj]
  (compiling source file '../src/main.cpp')
      D:\Microsoft Visual Studio 2026\VC\Tools\MSVC\14.50.35717\include\vector(442,7):
      鍙傝鈥渟td::vector鈥濈殑澹版槑
  
C:\antigravity_code\RocketSim3D\src\render\model_loader.h(64,27): error C2641: 鏃犳硶鎺ㄥ鈥渟td::vector鈥濈殑妯℃澘鍙傛暟 [C:\antigravity_code\RocketSim3D\build\RocketSim3D.vcxproj]
  (compiling source file '../src/main.cpp')
      C:\antigravity_code\RocketSim3D\src\render\model_loader.h(64,27):
      鈥渟td::vector鈥? 鏈壘鍒板尮閰嶇殑閲嶈浇鍑芥暟
          D:\Microsoft Visual Studio 2026\VC\Tools\MSVC\14.50.35717\include\vector(2250,1):
          鍙兘鏄€渟td::vector<iterator_traits<_Iter>::value_type,_Alloc> std::vector(_Iter,_Iter,_Alloc)鈥?
              C:\antigravity_code\RocketSim3D\src\render\model_loader.h(64,27):
              鈥渟td::vector<iterator_traits<_Iter>::value_type,_Alloc> std::vector(_Iter,_Iter,_Alloc)鈥? 搴旇緭鍏?3 涓弬鏁帮紝鍗存彁渚涗簡 0 涓?
          D:\Microsoft Visual Studio 2026\VC\Tools\MSVC\14.50.35717\include\vector(768,5):
          鎴?   鈥渟td::vector<_Ty,_Alloc> std::vector(std::vector<_Ty,_Alloc> &&,const _Identity<_Alloc>::type &) noexcept(<expr>)鈥?
              C:\antigravity_code\RocketSim3D\src\render\model_loader.h(64,27):
              鈥渟td::vector<_Ty,_Alloc> std::vector(std::vector<_Ty,_Alloc> &&,const _Identity<_Alloc>::type &) noexcept(<expr>)鈥? 搴旇緭鍏?2 涓弬鏁帮紝鍗存彁渚涗簡 0 涓?
          D:\Microsoft Visual Studio 2026\VC\Tools\MSVC\14.50.35717\include\vector(759,5):
          鎴?   鈥渟td::vector<_Ty,_Alloc> std::vector(std::vector<_Ty,_Alloc> &&) noexcept鈥?
              C:\antigravity_code\RocketSim3D\src\render\model_loader.h(64,27):
              鈥渟td::vector<_Ty,_Alloc> std::vector(std::vector<_Ty,_Alloc> &&) noexcept鈥? 搴旇緭鍏?1 涓弬鏁帮紝鍗存彁渚涗簡 0 涓?
          D:\Microsoft Visual Studio 2026\VC\Tools\MSVC\14.50.35717\include\vector(752,5):
          鎴?   鈥渟td::vector<_Ty,_Alloc> std::vector(const std::vector<_Ty,_Alloc> &,const _Identity<_Alloc>::type &)鈥?
              C:\antigravity_code\RocketSim3D\src\render\model_loader.h(64,27):
              鈥渟td::vector<_Ty,_Alloc> std::vector(const std::vector<_Ty,_Alloc> &,const _Identity<_Alloc>::type &)鈥? 搴旇緭鍏?2 涓弬鏁帮紝鍗存彁渚涗簡 0 涓?
          D:\Microsoft Visual Studio 2026\VC\Tools\MSVC\14.50.35717\include\vector(745,5):
          鎴?   鈥渟td::vector<_Ty,_Alloc> std::vector(const std::vector<_Ty,_Alloc> &)鈥?
              C:\antigravity_code\RocketSim3D\src\render\model_loader.h(64,27):
              鈥渟td::vector<_Ty,_Alloc> std::vector(const std::vector<_Ty,_Alloc> &)鈥? 搴旇緭鍏?1 涓弬鏁帮紝鍗存彁渚涗簡 0 涓?
          D:\Microsoft Visual Studio 2026\VC\Tools\MSVC\14.50.35717\include\vector(719,5):
          鎴?   鈥渟td::vector<_Ty,_Alloc> std::vector(std::initializer_list<_Elem>,const _Alloc &)鈥?
              C:\antigravity_code\RocketSim3D\src\render\model_loader.h(64,27):
              鈥渟td::vector<_Ty,_Alloc> std::vector(std::initializer_list<_Elem>,const _Alloc &)鈥? 搴旇緭鍏?2 涓弬鏁帮紝鍗存彁渚涗簡 0 涓?
          D:\Microsoft Visual Studio 2026\VC\Tools\MSVC\14.50.35717\include\vector(692,5):
          鎴?   鈥渟td::vector<_Ty,_Alloc> std::vector(_Iter,_Iter,const _Alloc &)鈥?
              C:\antigravity_code\RocketSim3D\src\render\model_loader.h(64,27):
              鈥渟td::vector<_Ty,_Alloc> std::vector(_Iter,_Iter,const _Alloc &)鈥? 搴旇緭鍏?3 涓弬鏁帮紝鍗存彁渚涗簡 0 涓?
          D:\Microsoft Visual Studio 2026\VC\Tools\MSVC\14.50.35717\include\vector(686,5):
          鎴?   鈥渟td::vector<_Ty,_Alloc> std::vector(const allocator_traits<allocator_traits<_Alloc>::rebind_alloc<_Ty>>::size_type,const _Ty &,const _Alloc &)鈥?
              C:\antigravity_code\RocketSim3D\src\render\model_loader.h(64,27):
              鈥渟td::vector<_Ty,_Alloc> std::vector(const allocator_traits<allocator_traits<_Alloc>::rebind_alloc<_Ty>>::size_type,const _Ty &,const _Alloc &)鈥? 搴旇緭鍏?3 涓弬鏁帮紝鍗存彁渚涗簡 0 涓?
          D:\Microsoft Visual Studio 2026\VC\Tools\MSVC\14.50.35717\include\vector(678,5):
          鎴?   鈥渟td::vector<_Ty,_Alloc> std::vector(const allocator_traits<allocator_traits<_Alloc>::rebind_alloc<_Ty>>::size_type,const _Alloc &)鈥?
              C:\antigravity_code\RocketSim3D\src\render\model_loader.h(64,27):
              鈥渟td::vector<_Ty,_Alloc> std::vector(const allocator_traits<allocator_traits<_Alloc>::rebind_alloc<_Ty>>::size_type,const _Alloc &)鈥? 搴旇緭鍏?2 涓弬鏁帮紝鍗存彁渚涗簡 0 涓?
          D:\Microsoft Visual Studio 2026\VC\Tools\MSVC\14.50.35717\include\vector(674,5):
          鎴?   鈥渟td::vector<_Ty,_Alloc> std::vector(const _Alloc &) noexcept鈥?
              C:\antigravity_code\RocketSim3D\src\render\model_loader.h(64,27):
              鈥渟td::vector<_Ty,_Alloc> std::vector(const _Alloc &) noexcept鈥? 搴旇緭鍏?1 涓弬鏁帮紝鍗存彁渚涗簡 0 涓?
          D:\Microsoft Visual Studio 2026\VC\Tools\MSVC\14.50.35717\include\vector(670,5):
          鎴?   鈥渟td::vector<_Ty,_Alloc> std::vector(void) noexcept(<expr>)鈥?
              C:\antigravity_code\RocketSim3D\src\render\model_loader.h(64,27):
              鈥渟td::vector<_Ty,_Alloc> std::vector(void) noexcept(<expr>)鈥? 鏃犳硶鎺ㄥ鈥淿Ty鈥濈殑 妯℃澘 鍙傛暟
          D:\Microsoft Visual Studio 2026\VC\Tools\MSVC\14.50.35717\include\vector(442,7):
          鎴?   鈥渟td::vector<_Ty,_Alloc> std::vector(std::vector<_Ty,_Alloc>)鈥?
              C:\antigravity_code\RocketSim3D\src\render\model_loader.h(64,27):
              鈥渟td::vector<_Ty,_Alloc> std::vector(std::vector<_Ty,_Alloc>)鈥? 搴旇緭鍏?1 涓弬鏁帮紝鍗存彁渚涗簡 0 涓?
  
C:\antigravity_code\RocketSim3D\src\render\model_loader.h(83,17): error C2065: 鈥淰ec2鈥? 鏈０鏄庣殑鏍囪瘑绗?[C:\antigravity_code\RocketSim3D\build\RocketSim3D.vcxproj]
  (compiling source file '../src/main.cpp')
  
C:\antigravity_code\RocketSim3D\src\render\model_loader.h(83,22): error C2146: 璇硶閿欒: 缂哄皯鈥?鈥?鍦ㄦ爣璇嗙鈥渦v鈥濈殑鍓嶉潰) [C:\antigravity_code\RocketSim3D\build\RocketSim3D.vcxproj]
  (compiling source file '../src/main.cpp')
  
C:\antigravity_code\RocketSim3D\src\render\model_loader.h(83,22): error C2065: 鈥渦v鈥? 鏈０鏄庣殑鏍囪瘑绗?[C:\antigravity_code\RocketSim3D\build\RocketSim3D.vcxproj]
  (compiling source file '../src/main.cpp')
  
C:\antigravity_code\RocketSim3D\src\render\model_loader.h(84,24): error C2065: 鈥渦v鈥? 鏈０鏄庣殑鏍囪瘑绗?[C:\antigravity_code\RocketSim3D\build\RocketSim3D.vcxproj]
  (compiling source file '../src/main.cpp')
  
C:\antigravity_code\RocketSim3D\src\render\model_loader.h(84,32): error C2065: 鈥渦v鈥? 鏈０鏄庣殑鏍囪瘑绗?[C:\antigravity_code\RocketSim3D\build\RocketSim3D.vcxproj]
  (compiling source file '../src/main.cpp')
  
C:\antigravity_code\RocketSim3D\src\render\model_loader.h(85,36): error C2065: 鈥渦v鈥? 鏈０鏄庣殑鏍囪瘑绗?[C:\antigravity_code\RocketSim3D\build\RocketSim3D.vcxproj]
  (compiling source file '../src/main.cpp')
  
C:\antigravity_code\RocketSim3D\src\render\model_loader.h(125,89): error C2662: 鈥渁llocator_traits<allocator_traits<_Alloc>::rebind_alloc<_Ty>>::size_type std::vector<_Ty,_Alloc>::size(void) noexcept const鈥? 涓嶈兘灏嗏€渢his鈥濇寚閽堜粠鈥渟td::vector鈥濊浆鎹负鈥渃onst std::vector<_Ty,_Alloc> &鈥?[C:\antigravity_code\RocketSim3D\build\RocketSim3D.vcxproj]
  (compiling source file '../src/main.cpp')
      C:\antigravity_code\RocketSim3D\src\render\model_loader.h(125,80):
      鍘熷洜濡備笅: 鏃犳硶浠庘€渟td::vector鈥濊浆鎹负鈥渃onst std::vector<_Ty,_Alloc>鈥?
      C:\antigravity_code\RocketSim3D\src\render\model_loader.h(125,80):
      杞崲瑕佹眰绗簩涓敤鎴峰畾涔夌殑杞崲杩愮畻绗︽垨鏋勯€犲嚱鏁?
      D:\Microsoft Visual Studio 2026\VC\Tools\MSVC\14.50.35717\include\vector(1913,39):
      鍙傝鈥渟td::vector<_Ty,_Alloc>::size鈥濈殑澹版槑
      C:\antigravity_code\RocketSim3D\src\render\model_loader.h(125,89):
      灏濊瘯鍖归厤鍙傛暟鍒楄〃鈥?)鈥濇椂
  
C:\antigravity_code\RocketSim3D\src\render\model_loader.h(127,37): error C2065: 鈥淰ec2鈥? 鏈０鏄庣殑鏍囪瘑绗?[C:\antigravity_code\RocketSim3D\build\RocketSim3D.vcxproj]
  (compiling source file '../src/main.cpp')
  
C:\antigravity_code\RocketSim3D\src\render\model_loader.h(127,42): error C2146: 璇硶閿欒: 缂哄皯鈥?鈥?鍦ㄦ爣璇嗙鈥渦v鈥濈殑鍓嶉潰) [C:\antigravity_code\RocketSim3D\build\RocketSim3D.vcxproj]
  (compiling source file '../src/main.cpp')
  
C:\antigravity_code\RocketSim3D\src\render\model_loader.h(127,42): error C2065: 鈥渦v鈥? 鏈０鏄庣殑鏍囪瘑绗?[C:\antigravity_code\RocketSim3D\build\RocketSim3D.vcxproj]
  (compiling source file '../src/main.cpp')
  
C:\antigravity_code\RocketSim3D\src\render\model_loader.h(127,47): error C2678: 浜岃繘鍒垛€淸鈥? 娌℃湁鎵惧埌鎺ュ彈鈥渟td::vector鈥濈被鍨嬬殑宸︽搷浣滄暟鐨勮繍绠楃(鎴栨病鏈夊彲鎺ュ彈鐨勮浆鎹? [C:\antigravity_code\RocketSim3D\build\RocketSim3D.vcxproj]
  (compiling source file '../src/main.cpp')
      D:\Microsoft Visual Studio 2026\VC\Tools\MSVC\14.50.35717\include\vector(1937,40):
      鍙兘鏄€渃onst _Ty &std::vector<_Ty,_Alloc>::operator [](const allocator_traits<allocator_traits<_Alloc>::rebind_alloc<_Ty>>::size_type) noexcept const鈥?
          C:\antigravity_code\RocketSim3D\src\render\model_loader.h(127,47):
          鈥渃onst _Ty &std::vector<_Ty,_Alloc>::operator [](const allocator_traits<allocator_traits<_Alloc>::rebind_alloc<_Ty>>::size_type) noexcept const鈥? 涓嶈兘灏嗏€渢his鈥濇寚閽堜粠鈥渟td::vector鈥濊浆鎹负鈥渃onst std::vector<_Ty,_Alloc> &鈥?
              C:\antigravity_code\RocketSim3D\src\render\model_loader.h(127,47):
              鍘熷洜濡備笅: 鏃犳硶浠庘€渟td::vector鈥濊浆鎹负鈥渃onst std::vector<_Ty,_Alloc>鈥?
              C:\antigravity_code\RocketSim3D\src\render\model_loader.h(127,47):
              杞崲瑕佹眰绗簩涓敤鎴峰畾涔夌殑杞崲杩愮畻绗︽垨鏋勯€犲嚱鏁?
      D:\Microsoft Visual Studio 2026\VC\Tools\MSVC\14.50.35717\include\vector(1927,34):
      鎴?   鈥淿Ty &std::vector<_Ty,_Alloc>::operator [](const allocator_traits<allocator_traits<_Alloc>::rebind_alloc<_Ty>>::size_type) noexcept鈥?
          C:\antigravity_code\RocketSim3D\src\render\model_loader.h(127,47):
          鈥淿Ty &std::vector<_Ty,_Alloc>::operator [](const allocator_traits<allocator_traits<_Alloc>::rebind_alloc<_Ty>>::size_type) noexcept鈥? 涓嶈兘灏嗏€渢his鈥濇寚閽堜粠鈥渟td::vector鈥濊浆鎹负鈥渟td::vector<_Ty,_Alloc> &鈥?
              C:\antigravity_code\RocketSim3D\src\render\model_loader.h(127,47):
              鍘熷洜濡備笅: 鏃犳硶浠庘€渟td::vector鈥濊浆鎹负鈥渟td::vector<_Ty,_Alloc>鈥?
              C:\antigravity_code\RocketSim3D\src\render\model_loader.h(127,47):
              杞崲瑕佹眰绗簩涓敤鎴峰畾涔夌殑杞崲杩愮畻绗︽垨鏋勯€犲嚱鏁?
      C:\antigravity_code\RocketSim3D\src\render\model_loader.h(127,47):
      灏濊瘯鍖归厤鍙傛暟鍒楄〃鈥?std::vector, int)鈥濇椂
  
C:\antigravity_code\RocketSim3D\src\render\model_loader.h(128,48): error C2065: 鈥渦v鈥? 鏈０鏄庣殑鏍囪瘑绗?[C:\antigravity_code\RocketSim3D\build\RocketSim3D.vcxproj]
  (compiling source file '../src/main.cpp')
  
C:\antigravity_code\RocketSim3D\src\render\model_loader.h(129,48): error C2065: 鈥渦v鈥? 鏈０鏄庣殑鏍囪瘑绗?[C:\antigravity_code\RocketSim3D\build\RocketSim3D.vcxproj]
  (compiling source file '../src/main.cpp')
  
C:\antigravity_code\RocketSim3D\src\render\renderer_2d.h(1,1): warning C4819: 璇ユ枃浠跺寘鍚笉鑳藉湪褰撳墠浠ｇ爜椤?936)涓〃绀虹殑瀛楃銆傝灏嗚鏂囦欢淇濆瓨涓?Unicode 鏍煎紡浠ラ槻姝㈡暟鎹涪澶?[C:\antigravity_code\RocketSim3D\build\RocketSim3D.vcxproj]
  (compiling source file '../src/main.cpp')
  
C:\antigravity_code\RocketSim3D\src\render\renderer_2d.h(131,29): warning C4244: 鈥滃弬鏁扳€? 浠庘€渄ouble鈥濊浆鎹㈠埌鈥渇loat鈥濓紝鍙兘涓㈠け鏁版嵁 [C:\antigravity_code\RocketSim3D\build\RocketSim3D.vcxproj]
  (compiling source file '../src/main.cpp')
  
C:\antigravity_code\RocketSim3D\src\render\renderer_2d.h(131,18): warning C4244: 鈥滃弬鏁扳€? 浠庘€渄ouble鈥濊浆鎹㈠埌鈥渇loat鈥濓紝鍙兘涓㈠け鏁版嵁 [C:\antigravity_code\RocketSim3D\build\RocketSim3D.vcxproj]
  (compiling source file '../src/main.cpp')
  
C:\antigravity_code\RocketSim3D\src\render\renderer_2d.h(132,29): warning C4244: 鈥滃弬鏁扳€? 浠庘€渄ouble鈥濊浆鎹㈠埌鈥渇loat鈥濓紝鍙兘涓㈠け鏁版嵁 [C:\antigravity_code\RocketSim3D\build\RocketSim3D.vcxproj]
  (compiling source file '../src/main.cpp')
  
C:\antigravity_code\RocketSim3D\src\render\renderer_2d.h(132,18): warning C4244: 鈥滃弬鏁扳€? 浠庘€渄ouble鈥濊浆鎹㈠埌鈥渇loat鈥濓紝鍙兘涓㈠け鏁版嵁 [C:\antigravity_code\RocketSim3D\build\RocketSim3D.vcxproj]
  (compiling source file '../src/main.cpp')
  
C:\antigravity_code\RocketSim3D\src\render\renderer_2d.h(133,29): warning C4244: 鈥滃弬鏁扳€? 浠庘€渄ouble鈥濊浆鎹㈠埌鈥渇loat鈥濓紝鍙兘涓㈠け鏁版嵁 [C:\antigravity_code\RocketSim3D\build\RocketSim3D.vcxproj]
  (compiling source file '../src/main.cpp')
  
C:\antigravity_code\RocketSim3D\src\render\renderer_2d.h(133,18): warning C4244: 鈥滃弬鏁扳€? 浠庘€渄ouble鈥濊浆鎹㈠埌鈥渇loat鈥濓紝鍙兘涓㈠け鏁版嵁 [C:\antigravity_code\RocketSim3D\build\RocketSim3D.vcxproj]
  (compiling source file '../src/main.cpp')
  
C:\antigravity_code\RocketSim3D\src\render\renderer_2d.h(134,29): warning C4244: 鈥滃弬鏁扳€? 浠庘€渄ouble鈥濊浆鎹㈠埌鈥渇loat鈥濓紝鍙兘涓㈠け鏁版嵁 [C:\antigravity_code\RocketSim3D\build\RocketSim3D.vcxproj]
  (compiling source file '../src/main.cpp')
  
C:\antigravity_code\RocketSim3D\src\render\renderer_2d.h(134,18): warning C4244: 鈥滃弬鏁扳€? 浠庘€渄ouble鈥濊浆鎹㈠埌鈥渇loat鈥濓紝鍙兘涓㈠け鏁版嵁 [C:\antigravity_code\RocketSim3D\build\RocketSim3D.vcxproj]
  (compiling source file '../src/main.cpp')
  
C:\antigravity_code\RocketSim3D\src\render\renderer_2d.h(135,29): warning C4244: 鈥滃弬鏁扳€? 浠庘€渄ouble鈥濊浆鎹㈠埌鈥渇loat鈥濓紝鍙兘涓㈠け鏁版嵁 [C:\antigravity_code\RocketSim3D\build\RocketSim3D.vcxproj]
  (compiling source file '../src/main.cpp')
  
C:\antigravity_code\RocketSim3D\src\render\renderer_2d.h(135,18): warning C4244: 鈥滃弬鏁扳€? 浠庘€渄ouble鈥濊浆鎹㈠埌鈥渇loat鈥濓紝鍙兘涓㈠け鏁版嵁 [C:\antigravity_code\RocketSim3D\build\RocketSim3D.vcxproj]
  (compiling source file '../src/main.cpp')
  
C:\antigravity_code\RocketSim3D\src\render\renderer_2d.h(136,29): warning C4244: 鈥滃弬鏁扳€? 浠庘€渄ouble鈥濊浆鎹㈠埌鈥渇loat鈥濓紝鍙兘涓㈠け鏁版嵁 [C:\antigravity_code\RocketSim3D\build\RocketSim3D.vcxproj]
  (compiling source file '../src/main.cpp')
  
C:\antigravity_code\RocketSim3D\src\render\renderer_2d.h(136,18): warning C4244: 鈥滃弬鏁扳€? 浠庘€渄ouble鈥濊浆鎹㈠埌鈥渇loat鈥濓紝鍙兘涓㈠け鏁版嵁 [C:\antigravity_code\RocketSim3D\build\RocketSim3D.vcxproj]
  (compiling source file '../src/main.cpp')
  
C:\antigravity_code\RocketSim3D\src\render\renderer_2d.h(146,29): warning C4244: 鈥滃弬鏁扳€? 浠庘€渄ouble鈥濊浆鎹㈠埌鈥渇loat鈥濓紝鍙兘涓㈠け鏁版嵁 [C:\antigravity_code\RocketSim3D\build\RocketSim3D.vcxproj]
  (compiling source file '../src/main.cpp')
  
C:\antigravity_code\RocketSim3D\src\render\renderer_2d.h(146,18): warning C4244: 鈥滃弬鏁扳€? 浠庘€渄ouble鈥濊浆鎹㈠埌鈥渇loat鈥濓紝鍙兘涓㈠け鏁版嵁 [C:\antigravity_code\RocketSim3D\build\RocketSim3D.vcxproj]
  (compiling source file '../src/main.cpp')
  
C:\antigravity_code\RocketSim3D\src\render\renderer_2d.h(147,29): warning C4244: 鈥滃弬鏁扳€? 浠庘€渄ouble鈥濊浆鎹㈠埌鈥渇loat鈥濓紝鍙兘涓㈠け鏁版嵁 [C:\antigravity_code\RocketSim3D\build\RocketSim3D.vcxproj]
  (compiling source file '../src/main.cpp')
  
C:\antigravity_code\RocketSim3D\src\render\renderer_2d.h(147,18): warning C4244: 鈥滃弬鏁扳€? 浠庘€渄ouble鈥濊浆鎹㈠埌鈥渇loat鈥濓紝鍙兘涓㈠け鏁版嵁 [C:\antigravity_code\RocketSim3D\build\RocketSim3D.vcxproj]
  (compiling source file '../src/main.cpp')
  
C:\antigravity_code\RocketSim3D\src\render\renderer_2d.h(148,29): warning C4244: 鈥滃弬鏁扳€? 浠庘€渄ouble鈥濊浆鎹㈠埌鈥渇loat鈥濓紝鍙兘涓㈠け鏁版嵁 [C:\antigravity_code\RocketSim3D\build\RocketSim3D.vcxproj]
  (compiling source file '../src/main.cpp')
  
C:\antigravity_code\RocketSim3D\src\render\renderer_2d.h(148,18): warning C4244: 鈥滃弬鏁扳€? 浠庘€渄ouble鈥濊浆鎹㈠埌鈥渇loat鈥濓紝鍙兘涓㈠け鏁版嵁 [C:\antigravity_code\RocketSim3D\build\RocketSim3D.vcxproj]
  (compiling source file '../src/main.cpp')
  
C:\antigravity_code\RocketSim3D\src\simulation\orbit_physics.h(1,1): warning C4819: 璇ユ枃浠跺寘鍚笉鑳藉湪褰撳墠浠ｇ爜椤?936)涓〃绀虹殑瀛楃銆傝灏嗚鏂囦欢淇濆瓨涓?Unicode 鏍煎紡浠ラ槻姝㈡暟鎹涪澶?[C:\antigravity_code\RocketSim3D\build\RocketSim3D.vcxproj]
  (compiling source file '../src/main.cpp')
  
C:\antigravity_code\RocketSim3D\src\simulation\rocket_builder.h(1,1): warning C4819: 璇ユ枃浠跺寘鍚笉鑳藉湪褰撳墠浠ｇ爜椤?936)涓〃绀虹殑瀛楃銆傝灏嗚鏂囦欢淇濆瓨涓?Unicode 鏍煎紡浠ラ槻姝㈡暟鎹涪澶?[C:\antigravity_code\RocketSim3D\build\RocketSim3D.vcxproj]
  (compiling source file '../src/main.cpp')
  
C:\antigravity_code\RocketSim3D\src\simulation\rocket_builder.h(81,78): warning C4305: 鈥滃垵濮嬪寲鈥? 浠庘€渄ouble鈥濆埌鈥渇loat鈥濇埅鏂?[C:\antigravity_code\RocketSim3D\build\RocketSim3D.vcxproj]
  (compiling source file '../src/main.cpp')
  
C:\antigravity_code\RocketSim3D\src\save_system.h(1,1): warning C4819: 璇ユ枃浠跺寘鍚笉鑳藉湪褰撳墠浠ｇ爜椤?936)涓〃绀虹殑瀛楃銆傝灏嗚鏂囦欢淇濆瓨涓?Unicode 鏍煎紡浠ラ槻姝㈡暟鎹涪澶?[C:\antigravity_code\RocketSim3D\build\RocketSim3D.vcxproj]
  (compiling source file '../src/main.cpp')
  
C:\antigravity_code\RocketSim3D\src\menu_system.h(1,1): warning C4819: 璇ユ枃浠跺寘鍚笉鑳藉湪褰撳墠浠ｇ爜椤?936)涓〃绀虹殑瀛楃銆傝灏嗚鏂囦欢淇濆瓨涓?Unicode 鏍煎紡浠ラ槻姝㈡暟鎹涪澶?[C:\antigravity_code\RocketSim3D\build\RocketSim3D.vcxproj]
  (compiling source file '../src/main.cpp')
  
C:\antigravity_code\RocketSim3D\src\main.cpp(496,24): warning C4244: 鈥滃垵濮嬪寲鈥? 浠庘€渄ouble鈥濊浆鎹㈠埌鈥渇loat鈥濓紝鍙兘涓㈠け鏁版嵁 [C:\antigravity_code\RocketSim3D\build\RocketSim3D.vcxproj]
C:\antigravity_code\RocketSim3D\src\main.cpp(507,68): warning C4267: 鈥?鈥? 浠庘€渟ize_t鈥濊浆鎹㈠埌鈥渋nt鈥濓紝鍙兘涓㈠け鏁版嵁 [C:\antigravity_code\RocketSim3D\build\RocketSim3D.vcxproj]
C:\antigravity_code\RocketSim3D\src\main.cpp(747,19): warning C4244: 鈥滃垵濮嬪寲鈥? 浠庘€渄ouble鈥濊浆鎹㈠埌鈥渇loat鈥濓紝鍙兘涓㈠け鏁版嵁 [C:\antigravity_code\RocketSim3D\build\RocketSim3D.vcxproj]
C:\antigravity_code\RocketSim3D\src\main.cpp(754,90): warning C4244: 鈥滃弬鏁扳€? 浠庘€渄ouble鈥濊浆鎹㈠埌鈥渇loat鈥濓紝鍙兘涓㈠け鏁版嵁 [C:\antigravity_code\RocketSim3D\build\RocketSim3D.vcxproj]
C:\antigravity_code\RocketSim3D\src\main.cpp(756,68): warning C4244: 鈥滃弬鏁扳€? 浠庘€渄ouble鈥濊浆鎹㈠埌鈥渇loat鈥濓紝鍙兘涓㈠け鏁版嵁 [C:\antigravity_code\RocketSim3D\build\RocketSim3D.vcxproj]
C:\antigravity_code\RocketSim3D\src\main.cpp(1039,27): warning C4244: 鈥滃垵濮嬪寲鈥? 浠庘€渄ouble鈥濊浆鎹㈠埌鈥渇loat鈥濓紝鍙兘涓㈠け鏁版嵁 [C:\antigravity_code\RocketSim3D\build\RocketSim3D.vcxproj]
